Microchip MPLAB XC8 Compiler V2.46

Linker command line:

-W-3 \
  --edf=C:\Program Files\Microchip\xc8\v2.46\pic\dat\20240104201356_en.msgs \
  -cn -h+dist/default/debug\Code.debug.sym \
  --cmf=dist/default/debug\Code.debug.cmf -z -Q18F4620 \
  -oC:\Users\ah427\AppData\Local\Temp\xcAs9eo.\driver_tmp_3.o \
  --defsym=__MPLAB_BUILD=1 --fixupoverflow=error \
  -Mdist/default/debug/Code.debug.map \
  --md=C:\Users\ah427\AppData\Local\Temp\xcAs9eo.\driver_tmp_0.dat -E1 \
  -ver=XC8 Compiler --acfsm=1493 -ACODE=00h-0FFFFh -ACONST=00h-0FFFFh \
  -ASMALLCONST=01000h-010FFhx240 -AMEDIUMCONST=01000h-0FFFFh \
  -ACOMRAM=01h-07Fh -AABS1=00h-0F7Fh -ABIGRAM=01h-0F7Fh \
  -ARAM=080h-0FFh,0100h-01FFhx14,0F00h-0F7Fh -ABANK0=080h-0FFh \
  -ABANK1=0100h-01FFh -ABANK2=0200h-02FFh -ABANK3=0300h-03FFh \
  -ABANK4=0400h-04FFh -ABANK5=0500h-05FFh -ABANK6=0600h-06FFh \
  -ABANK7=0700h-07FFh -ABANK8=0800h-08FFh -ABANK9=0900h-09FFh \
  -ABANK10=0A00h-0AFFh -ABANK11=0B00h-0BFFh -ABANK12=0C00h-0CFFh \
  -ABANK13=0D00h-0DFFh -ABANK14=0E00h-0EFFh -ABANK15=0F00h-0F7Fh \
  -ASFR=0F80h-0FFFh -ABIGSFR=0F80h-0FFFh -ACONFIG=0300000h-030000Dh \
  -AIDLOC=0200000h-0200007h -AEEDATA=0F00000h-0F003FFh -peeprom_data=EEDATA \
  -preset_vec=00h,intcode=8h,intcodelo,powerup,init -pramtop=01000h \
  -psmallconst=SMALLCONST -pmediumconst=MEDIUMCONST -pconst=CONST \
  -AFARRAM=00h-00h \
  -prdata=COMRAM,nvrram=COMRAM,nvbit=COMRAM,rbss=COMRAM,rbit=COMRAM \
  -pfarbss=FARRAM,fardata=FARRAM,nvFARRAM=FARRAM \
  -pintsave_regs=BIGRAM,bigbss=BIGRAM,bigdata=BIGRAM -pbss=RAM \
  -pidata=CODE,irdata=CODE,ibigdata=CODE,ifardata=CODE -prparam=COMRAM \
  C:\Users\ah427\AppData\Local\Temp\xcAs9eo.\driver_tmp_9.o \
  dist/default/debug\Code.debug.o 

Object code version is 3.11

Machine type is 18F4620



                Name                               Link     Load   Length Selector   Space Scale
C:\Users\ah427\AppData\Local\Temp\xcAs9eo.\driver_tmp_9.o
                config                           300000   300000        E        0       4
                init                                  E        E        4        4       0
                reset_vec                             0        0        4        0       0
dist/default/debug\Code.debug.o
                intcode                               8        8        6        4       0
                config                           300000   300000        E        0       4
                temp                                 52       52        1        1       1
                smallconst                         1000     1000        2      800       0
                text20                             1A90     1A90        4      D13       0
                text19                             1A26     1A26       1E      D13       0
                text18                             18EA     18EA       6A      801       0
                text17                             17A8     17A8       6E      801       0
                text16                             19CE     19CE       30      801       0
                text15                             1A88     1A88        8      D13       0
                text14                             1A7C     1A7C        C      D13       0
                intcode_body                       14FC     14FC       A6      801       0
                text12                             1880     1880       6A      801       0
                text11                             1816     1816       6A      801       0
                text10                             115A     115A      158      801       0
                text9                              1A60     1A60       1C      D13       0
                text8                              1002     1002      158      801       0
                text7                              1A44     1A44       1C      D13       0
                text6                              12B2     12B2      126      801       0
                text5                              13D8     13D8      124      801       0
                text4                              16B8     16B8       7A      801       0
                text3                              1636     1636       82      801       0
                text2                              1732     1732       76      801       0
                text1                              15A2     15A2       94      801       0
                text0                              1954     1954       40      801       0
                cstackCOMRAM                         28       28       17        1       1
                dataCOMRAM                            1        1       27        1       1
                bssCOMRAM                            3F       3F       13        1       1
                cinit                              1994     1994       3A      801       0
                idataCOMRAM                        19FE     19FE       27      801       0

TOTAL           Name                               Link     Load   Length     Space
        CLASS   CODE           
                intcode                               8        8        6         0
                init                                  E        E        4         0
                reset_vec                             0        0        4         0
                text20                             1A90     1A90        4         0
                text19                             1A26     1A26       1E         0
                text18                             18EA     18EA       6A         0
                text17                             17A8     17A8       6E         0
                text16                             19CE     19CE       30         0
                text15                             1A88     1A88        8         0
                text14                             1A7C     1A7C        C         0
                intcode_body                       14FC     14FC       A6         0
                text12                             1880     1880       6A         0
                text11                             1816     1816       6A         0
                text10                             115A     115A      158         0
                text9                              1A60     1A60       1C         0
                text8                              1002     1002      158         0
                text7                              1A44     1A44       1C         0
                text6                              12B2     12B2      126         0
                text5                              13D8     13D8      124         0
                text4                              16B8     16B8       7A         0
                text3                              1636     1636       82         0
                text2                              1732     1732       76         0
                text1                              15A2     15A2       94         0
                text0                              1954     1954       40         0
                cinit                              1994     1994       3A         0
                idataCOMRAM                        19FE     19FE       27         0

        CLASS   CONST          

        CLASS   SMALLCONST     
                smallconst                         1000     1000        2         0

        CLASS   MEDIUMCONST    

        CLASS   COMRAM         
                temp                                 52       52        1         1
                cstackCOMRAM                         28       28       17         1
                dataCOMRAM                            1        1       27         1
                bssCOMRAM                            3F       3F       13         1

        CLASS   ABS1           

        CLASS   BIGRAM         

        CLASS   RAM            

        CLASS   BANK0          

        CLASS   BANK1          

        CLASS   BANK2          

        CLASS   BANK3          

        CLASS   BANK4          

        CLASS   BANK5          

        CLASS   BANK6          

        CLASS   BANK7          

        CLASS   BANK8          

        CLASS   BANK9          

        CLASS   BANK10         

        CLASS   BANK11         

        CLASS   BANK12         

        CLASS   BANK13         

        CLASS   BANK14         

        CLASS   BANK15         

        CLASS   SFR            

        CLASS   BIGSFR         

        CLASS   CONFIG         
                config                           300000   300000        E         4

        CLASS   IDLOC          

        CLASS   EEDATA         

        CLASS   FARRAM         

        CLASS   HEAP           

        CLASS   STACK          



SEGMENTS        Name                           Load    Length   Top    Selector   Space  Class

                reset_vec                      000000  000004  000004         0       0  CODE    
                dataCOMRAM                     000001  000052  000053         1       1  COMRAM  
                intcode                        000008  00000A  000012         4       0  CODE    
                smallconst                     001000  000002  001002       800       0  SMALLCON
                text8                          001002  000A23  001A25       801       0  CODE    
                text19                         001A26  00006E  001A94       D13       0  CODE    


UNUSED ADDRESS RANGES

        Name                Unused          Largest block    Delta
        BANK0            000080-0000FF               80
        BANK1            000100-0001FF              100
        BANK10           000A00-000AFF              100
        BANK11           000B00-000BFF              100
        BANK12           000C00-000CFF              100
        BANK13           000D00-000DFF              100
        BANK14           000E00-000EFF              100
        BANK15           000F00-000F7F               80
        BANK2            000200-0002FF              100
        BANK3            000300-0003FF              100
        BANK4            000400-0004FF              100
        BANK5            000500-0005FF              100
        BANK6            000600-0006FF              100
        BANK7            000700-0007FF              100
        BANK8            000800-0008FF              100
        BANK9            000900-0009FF              100
        BIGRAM           000053-000F7F              F2D
        BIGSFR           000F80-000FFF               80
        CODE             000004-000007                4
                         000012-000FFF              FEE
                         001A25-001A25                1
                         001A94-00FFFF             E56C
        COMRAM           000053-00007F               2D
        CONST            000004-000007                4
                         000012-000FFF              FEE
                         001A25-001A25                1
                         001A94-00FFFF             E56C
        EEDATA           F00000-F003FF              400
        IDLOC            200000-200007                8
        MEDIUMCONST      001A25-001A25                1
                         001A94-00FFFF             E56C
        RAM              000080-000F7F              100
        SFR              000F80-000FFF               80
        SMALLCONST       001A25-001A25                1
                         001A94-00FFFF              100

                                  Symbol Table

CCP1_Init@ccp1_obj                            cstackCOMRAM 000034
CCP1_Interrupt_Config@ccp1_obj                cstackCOMRAM 000032
CCP2_Init@ccp2_obj                            cstackCOMRAM 000034
CCP2_Interrupt_Config@ccp2_obj                cstackCOMRAM 000032
CCP_CompleteModeSetValue@F2805                bssCOMRAM    000045
CCP_CompleteModeSetValue@capture_temp_value   cstackCOMRAM 000036
CCP_CompleteModeSetValue@ccp_obj              cstackCOMRAM 000032
CCP_CompleteModeSetValue@compare_value        cstackCOMRAM 000033
CCP_Init@ccp_obj                              cstackCOMRAM 00003C
CCP_Init@ret                                  cstackCOMRAM 00003E
CCP_select_timer@ccp_obj                      cstackCOMRAM 000032
Timer3_Init@_tmr                              cstackCOMRAM 000033
Timer3_Write@_tmr                             cstackCOMRAM 000028
Timer3_Write@value                            cstackCOMRAM 000029
_CCP1CONbits                                  (abs)        000FBD
_CCP1_Init                                    text10       00115A
_CCP1_InterruptHandler                        bssCOMRAM    000049
_CCP1_Interrupt_Config                        text9        001A60
_CCP2CONbits                                  (abs)        000FBA
_CCP2_Init                                    text8        001002
_CCP2_InterruptHandler                        bssCOMRAM    000047
_CCP2_Interrupt_Config                        text7        001A44
_CCPR1H                                       (abs)        000FBF
_CCPR1L                                       (abs)        000FBE
_CCPR2H                                       (abs)        000FBC
_CCPR2L                                       (abs)        000FBB
_CCP_CompleteModeSetValue                     text12       001880
_CCP_Init                                     text3        001636
_CCP_select_timer                             text11       001816
_INTCONbits                                   (abs)        000FF2
_ISR_CCP1                                     text20       001A90
_ISR_CCP2                                     text16       0019CE
_ISR_TMR2                                     text15       001A88
_ISR_TMR3                                     text14       001A7C
_InterruptManager                             intcode      000008
_LATA                                         (abs)        000F89
_LATB                                         (abs)        000F8A
_LATC                                         (abs)        000F8B
_LATD                                         (abs)        000F8C
_LATE                                         (abs)        000F8D
_PIE1bits                                     (abs)        000F9D
_PIE2bits                                     (abs)        000FA0
_PIR1bits                                     (abs)        000F9E
_PIR2bits                                     (abs)        000FA1
_PORTA                                        (abs)        000F80
_PORTB                                        (abs)        000F81
_PORTC                                        (abs)        000F82
_PORTD                                        (abs)        000F83
_PORTE                                        (abs)        000F84
_T2CONbits                                    (abs)        000FCA
_T3CONbits                                    (abs)        000FB1
_TMR0H                                        (abs)        000FD7
_TMR0L                                        (abs)        000FD6
_TMR2                                         (abs)        000FCC
_TMR2_InterruptHandler                        bssCOMRAM    000043
_TMR3H                                        (abs)        000FB3
_TMR3L                                        (abs)        000FB2
_TRISA                                        (abs)        000F92
_TRISB                                        (abs)        000F93
_TRISC                                        (abs)        000F94
_TRISD                                        (abs)        000F95
_TRISE                                        (abs)        000F96
_Timer3_Init                                  text1        0015A2
_Timer3_Write                                 text19       001A26
_Tmr3_InterruptHandler                        bssCOMRAM    000041
__HRAM                                        (abs)        000000
__H__absolute__                               __absolute__ 000000
__Habs1                                       abs1         000000
__Hbank0                                      bank0        000000
__Hbank1                                      bank1        000000
__Hbank10                                     bank10       000000
__Hbank11                                     bank11       000000
__Hbank12                                     bank12       000000
__Hbank13                                     bank13       000000
__Hbank14                                     bank14       000000
__Hbank15                                     bank15       000000
__Hbank2                                      bank2        000000
__Hbank3                                      bank3        000000
__Hbank4                                      bank4        000000
__Hbank5                                      bank5        000000
__Hbank6                                      bank6        000000
__Hbank7                                      bank7        000000
__Hbank8                                      bank8        000000
__Hbank9                                      bank9        000000
__Hbigbss                                     bigbss       000000
__Hbigdata                                    bigdata      000000
__Hbigram                                     bigram       000000
__Hbigsfr                                     bigsfr       000000
__Hbss                                        bss          000000
__HbssCOMRAM                                  bssCOMRAM    000000
__Hcinit                                      cinit        000000
__Hclrtext                                    clrtext      000000
__Hcomram                                     comram       000000
__Hconfig                                     config       30000E
__Hconst                                      const        000000
__HcstackCOMRAM                               cstackCOMRAM 000000
__Hdata                                       data         000000
__HdataCOMRAM                                 dataCOMRAM   000000
__Heeprom_data                                eeprom_data  000000
__Hfarbss                                     farbss       000000
__Hfardata                                    fardata      000000
__Hheap                                       heap         000000
__Hibigdata                                   ibigdata     000000
__Hidata                                      idata        000000
__HidataCOMRAM                                idataCOMRAM  000000
__Hidloc                                      idloc        000000
__Hifardata                                   ifardata     000000
__Hinit                                       init         000012
__Hintcode                                    intcode      00000E
__Hintcode_body                               intcode_body 000000
__Hintcodelo                                  intcodelo    00000E
__Hintentry                                   intentry     000000
__Hintret                                     intret       000000
__Hintsave_regs                               intsave_regs 000000
__Hirdata                                     irdata       000000
__Hmediumconst                                mediumconst  000000
__HnvFARRAM                                   nvFARRAM     000000
__Hnvbit                                      nvbit        000000
__Hnvrram                                     nvrram       000000
__Hparam                                      rparam       000000
__Hpowerup                                    powerup      00000E
__Hram                                        ram          000000
__Hramtop                                     ramtop       001000
__Hrbit                                       rbit         000000
__Hrbss                                       rbss         000000
__Hrdata                                      rdata        000000
__Hreset_vec                                  reset_vec    000004
__Hrparam                                     rparam       000000
__Hsfr                                        sfr          000000
__Hsivt_hi                                    sivt_hi      000000
__Hsivt_lo                                    sivt_lo      000000
__Hsmallconst                                 smallconst   001002
__Hspace_0                                    (abs)        001A94
__Hspace_1                                    (abs)        000053
__Hspace_2                                    (abs)        000000
__Hspace_4                                    (abs)        60000E
__Hstack                                      stack        000000
__Hstruct                                     struct       000000
__Htemp                                       temp         000053
__Htext                                       text         000000
__Htext0                                      text0        000000
__Htext1                                      text1        000000
__Htext10                                     text10       000000
__Htext11                                     text11       000000
__Htext12                                     text12       000000
__Htext14                                     text14       000000
__Htext15                                     text15       000000
__Htext16                                     text16       000000
__Htext17                                     text17       000000
__Htext18                                     text18       000000
__Htext19                                     text19       000000
__Htext2                                      text2        000000
__Htext20                                     text20       000000
__Htext3                                      text3        000000
__Htext4                                      text4        000000
__Htext5                                      text5        000000
__Htext6                                      text6        000000
__Htext7                                      text7        000000
__Htext8                                      text8        000000
__Htext9                                      text9        000000
__LRAM                                        (abs)        000001
__L__absolute__                               __absolute__ 000000
__Labs1                                       abs1         000000
__Lbank0                                      bank0        000000
__Lbank1                                      bank1        000000
__Lbank10                                     bank10       000000
__Lbank11                                     bank11       000000
__Lbank12                                     bank12       000000
__Lbank13                                     bank13       000000
__Lbank14                                     bank14       000000
__Lbank15                                     bank15       000000
__Lbank2                                      bank2        000000
__Lbank3                                      bank3        000000
__Lbank4                                      bank4        000000
__Lbank5                                      bank5        000000
__Lbank6                                      bank6        000000
__Lbank7                                      bank7        000000
__Lbank8                                      bank8        000000
__Lbank9                                      bank9        000000
__Lbigbss                                     bigbss       000000
__Lbigdata                                    bigdata      000000
__Lbigram                                     bigram       000000
__Lbigsfr                                     bigsfr       000000
__Lbss                                        bss          000000
__LbssCOMRAM                                  bssCOMRAM    000000
__Lcinit                                      cinit        000000
__Lclrtext                                    clrtext      000000
__Lcomram                                     comram       000000
__Lconfig                                     config       000000
__Lconst                                      const        000000
__LcstackCOMRAM                               cstackCOMRAM 000000
__Ldata                                       data         000000
__LdataCOMRAM                                 dataCOMRAM   000000
__Leeprom_data                                eeprom_data  000000
__Lfarbss                                     farbss       000000
__Lfardata                                    fardata      000000
__Lheap                                       heap         000000
__Libigdata                                   ibigdata     000000
__Lidata                                      idata        000000
__LidataCOMRAM                                idataCOMRAM  000000
__Lidloc                                      idloc        000000
__Lifardata                                   ifardata     000000
__Linit                                       init         00000E
__Lintcode                                    intcode      000008
__Lintcode_body                               intcode_body 000000
__Lintcodelo                                  intcodelo    00000E
__Lintentry                                   intentry     000000
__Lintret                                     intret       000000
__Lintsave_regs                               intsave_regs 000000
__Lirdata                                     irdata       000000
__Lmediumconst                                mediumconst  000000
__LnvFARRAM                                   nvFARRAM     000000
__Lnvbit                                      nvbit        000000
__Lnvrram                                     nvrram       000000
__Lparam                                      rparam       000000
__Lpowerup                                    powerup      00000E
__Lram                                        ram          000000
__Lramtop                                     ramtop       001000
__Lrbit                                       rbit         000000
__Lrbss                                       rbss         000000
__Lrdata                                      rdata        000000
__Lreset_vec                                  reset_vec    000000
__Lrparam                                     rparam       000000
__Lsfr                                        sfr          000000
__Lsivt_hi                                    sivt_hi      000000
__Lsivt_lo                                    sivt_lo      000000
__Lsmallconst                                 smallconst   001000
__Lspace_0                                    (abs)        000000
__Lspace_1                                    (abs)        000000
__Lspace_2                                    (abs)        000000
__Lspace_4                                    (abs)        000000
__Lstack                                      stack        000000
__Lstruct                                     struct       000000
__Ltemp                                       temp         000052
__Ltext                                       text         000000
__Ltext0                                      text0        000000
__Ltext1                                      text1        000000
__Ltext10                                     text10       000000
__Ltext11                                     text11       000000
__Ltext12                                     text12       000000
__Ltext14                                     text14       000000
__Ltext15                                     text15       000000
__Ltext16                                     text16       000000
__Ltext17                                     text17       000000
__Ltext18                                     text18       000000
__Ltext19                                     text19       000000
__Ltext2                                      text2        000000
__Ltext20                                     text20       000000
__Ltext3                                      text3        000000
__Ltext4                                      text4        000000
__Ltext5                                      text5        000000
__Ltext6                                      text6        000000
__Ltext7                                      text7        000000
__Ltext8                                      text8        000000
__Ltext9                                      text9        000000
__S0                                          (abs)        001A94
__S1                                          (abs)        000053
__S4                                          (abs)        000000
__S5                                          (abs)        000000
___heap_hi                                    (abs)        000000
___heap_lo                                    (abs)        000000
___inthi_sp                                   stack        000000
___inthi_stack_hi                             stack        000000
___inthi_stack_lo                             stack        000000
___intlo_sp                                   stack        000000
___intlo_stack_hi                             stack        000000
___intlo_stack_lo                             stack        000000
___param_bank                                 (abs)        000000
___rparam_used                                (abs)        000001
___sp                                         stack        000000
___stack_hi                                   stack        000000
___stack_lo                                   stack        000000
__accesstop                                   (abs)        000080
__activetblptr                                (abs)        000002
__end_of_CCP1_Init                            text10       0012B2
__end_of_CCP1_Interrupt_Config                text9        001A7C
__end_of_CCP2_Init                            text8        00115A
__end_of_CCP2_Interrupt_Config                text7        001A60
__end_of_CCP_CompleteModeSetValue             text12       0018EA
__end_of_CCP_Init                             text3        0016B8
__end_of_CCP_select_timer                     text11       001880
__end_of_ISR_CCP1                             text20       001A94
__end_of_ISR_CCP2                             text16       0019FE
__end_of_ISR_TMR2                             text15       001A90
__end_of_ISR_TMR3                             text14       001A88
__end_of_InterruptManager                     intcode_body 0015A2
__end_of_Timer3_Init                          text1        001636
__end_of_Timer3_Write                         text19       001A44
__end_of__initialization                      cinit        0019C0
__end_of_ccp2_interruptHandler                text17       001816
__end_of_gpio_pin_direction_initialize        text6        0013D8
__end_of_gpio_pin_initialize                  text4        001732
__end_of_gpio_pin_write_logic                 text5        0014FC
__end_of_main                                 text0        001994
__end_of_timer3_mood_select                   text2        0017A8
__end_ofi2_CCP_CompleteModeSetValue           text18       001954
__initialization                              cinit        001994
__mediumconst                                 mediumconst  000000
__pbssCOMRAM                                  bssCOMRAM    00003F
__pcinit                                      cinit        001994
__pcstackCOMRAM                               cstackCOMRAM 000028
__pdataCOMRAM                                 dataCOMRAM   000001
__pidataCOMRAM                                idataCOMRAM  0019FE
__pintcode                                    intcode      000008
__pintcode_body                               intcode_body 0014FC
__psmallconst                                 smallconst   001000
__ptext0                                      text0        001954
__ptext1                                      text1        0015A2
__ptext10                                     text10       00115A
__ptext11                                     text11       001816
__ptext12                                     text12       001880
__ptext14                                     text14       001A7C
__ptext15                                     text15       001A88
__ptext16                                     text16       0019CE
__ptext17                                     text17       0017A8
__ptext18                                     text18       0018EA
__ptext19                                     text19       001A26
__ptext2                                      text2        001732
__ptext20                                     text20       001A90
__ptext3                                      text3        001636
__ptext4                                      text4        0016B8
__ptext5                                      text5        0013D8
__ptext6                                      text6        0012B2
__ptext7                                      text7        001A44
__ptext8                                      text8        001002
__ptext9                                      text9        001A60
__ramtop                                      ramtop       001000
__smallconst                                  smallconst   001000
_ccp2_interruptHandler                        text17       0017A8
_ccp2_obj                                     dataCOMRAM   00001F
_flag_ccp_interrupt                           bssCOMRAM    00004B
_gpio_pin_direction_initialize                text6        0012B2
_gpio_pin_initialize                          text4        0016B8
_gpio_pin_write_logic                         text5        0013D8
_lat_registers                                dataCOMRAM   000001
_main                                         text0        001954
_port_registers                               dataCOMRAM   00000B
_timer2_preload                               bssCOMRAM    00004C
_timer3_mood_select                           text2        001732
_tmr3                                         bssCOMRAM    00004D
_tmr3_preload_data                            bssCOMRAM    00003F
_tris_registers                               dataCOMRAM   000015
btemp                                         temp         000052
end_of_initialization                         cinit        0019C0
gpio_pin_direction_initialize@_pin_config     cstackCOMRAM 000032
gpio_pin_initialize@_pin_config               cstackCOMRAM 000039
gpio_pin_initialize@ret                       cstackCOMRAM 00003B
gpio_pin_write_logic@_pin_config              cstackCOMRAM 000032
gpio_pin_write_logic@logic                    cstackCOMRAM 000033
i2CCP_CompleteModeSetValue@capture_temp_value cstackCOMRAM 00002C
i2CCP_CompleteModeSetValue@ccp_obj            cstackCOMRAM 000028
i2CCP_CompleteModeSetValue@compare_value      cstackCOMRAM 000029
i2_CCP_CompleteModeSetValue                   text18       0018EA
int$flags                                     temp         000052
int_func                                      intcode_body 0014FC
intlevel0                                     text         000000
intlevel1                                     text         000000
intlevel2                                     text         000000
intlevel3                                     text         000000
isa$std                                       (abs)        000001
isa$xinst                                     (abs)        000000
stackhi                                       (abs)        000000
stacklo                                       (abs)        000000
start                                         init         00000E
start_initialization                          cinit        001994
timer3_mood_select@_tmr                       cstackCOMRAM 000032
ttemp5                                        temp         000053
ttemp6                                        temp         000056
ttemp7                                        temp         00005A
wtemp8                                        temp         000053


MODULE INFORMATION

Module		Function		Class		Link	Load	Size
MCAL/CCP/ccp.c
		_CCP1_Init     		CODE           	115A	0000	344
		_CCP2_Init     		CODE           	1002	0000	344
		_CCP_CompleteModeSetValue		CODE           	1880	0000	106
		_CCP_Init      		CODE           	1636	0000	130
		_CCP1_Interrupt_Config		CODE           	1A60	0000	28
		_CCP2_Interrupt_Config		CODE           	1A44	0000	28
		_CCP_select_timer		CODE           	1816	0000	106
		_ISR_CCP1      		CODE           	1A90	0000	4
		_ISR_CCP2      		CODE           	19CE	0000	48

MCAL/CCP/ccp.c estimated size: 1138

MCAL/Timer2/mcal_tmr2.c
		_ISR_TMR2      		CODE           	1A88	0000	8

MCAL/Timer2/mcal_tmr2.c estimated size: 8

MCAL/GPIO/hal_gpio.c
		_gpio_pin_write_logic		CODE           	13D8	0000	292
		_gpio_pin_direction_initialize		CODE           	12B2	0000	294
		_gpio_pin_initialize		CODE           	16B8	0000	122

MCAL/GPIO/hal_gpio.c estimated size: 708

shared
		__initialization		CODE           	1994	0000	44
		i2_CCP_CompleteModeSetValue		CODE           	18EA	0000	106

shared estimated size: 150

app.c
		_main          		CODE           	1954	0000	64
		_ccp2_interruptHandler		CODE           	17A8	0000	110

app.c estimated size: 174

MCAL/Timer3/mcal_tmr3.c
		_timer3_mood_select		CODE           	1732	0000	118
		_Timer3_Init   		CODE           	15A2	0000	148
		_Timer3_Write  		CODE           	1A26	0000	30
		_ISR_TMR3      		CODE           	1A7C	0000	12

MCAL/Timer3/mcal_tmr3.c estimated size: 308

MCAL/INTERRUPT/manage_interrupt.c
		_InterruptManager		CODE           	0008	0000	172

MCAL/INTERRUPT/manage_interrupt.c estimated size: 172

